../Core/Src/sys/tterm/TTerm.c:51:19:TERM_createNewHandle	48	static
../Core/Src/sys/tterm/TTerm.c:119:6:TERM_destroyHandle	24	static
../Core/Src/sys/tterm/TTerm.c:143:6:TERM_printDebug	28	static
../Core/Src/sys/tterm/TTerm.c:166:9:TERM_processBuffer	32	static
../Core/Src/sys/tterm/TTerm.c:266:10:isACIILetter	16	static
../Core/Src/sys/tterm/TTerm.c:270:6:TERM_printBootMessage	24	static
../Core/Src/sys/tterm/TTerm.c:290:9:TERM_defaultErrorPrinter	24	static
../Core/Src/sys/tterm/TTerm.c:307:13:resetInputBuffer	16	static
../Core/Src/sys/tterm/TTerm.c:314:16:TERM_handleInput	56	static
../Core/Src/sys/tterm/TTerm.c:796:6:TERM_checkForCopy	24	static
../Core/Src/sys/tterm/TTerm.c:821:8:strnchr	32	static
../Core/Src/sys/tterm/TTerm.c:829:6:strsft	32	static
../Core/Src/sys/tterm/TTerm.c:853:25:TERM_findCMD	24	static
../Core/Src/sys/tterm/TTerm.c:864:25:TERM_findCMDFromName	32	static
../Core/Src/sys/tterm/TTerm.c:1082:9:TERM_interpretCMD	48	static
../Core/Src/sys/tterm/TTerm.c:1151:9:TERM_seperateArgs	40	static
../Core/Src/sys/tterm/TTerm.c:1194:10:TERM_countArgs	32	static
../Core/Src/sys/tterm/TTerm.c:1235:6:TERM_freeCommandList	16	static
../Core/Src/sys/tterm/TTerm.c:1243:25:TERM_addCommand	32	static
../Core/Src/sys/tterm/TTerm.c:1267:6:TERM_LIST_add	32	static
../Core/Src/sys/tterm/TTerm.c:1321:10:TERM_isSorted	24	static
../Core/Src/sys/tterm/TTerm.c:1348:6:toLowerCase	16	static
../Core/Src/sys/tterm/TTerm.c:1356:6:TERM_setCursorPos	16	static
../Core/Src/sys/tterm/TTerm.c:1360:6:TERM_sendVT100Code	16	static
../Core/Src/sys/tterm/TTerm.c:1454:14:TERM_getVT100Code	16	static
